// Vitest Snapshot v1, https://vitest.dev/guide/snapshot.html

exports[`page component > render 1`] = `
<div>
  <p
    class="text-center"
  >
    Simple application in which you can organize your recipes.
  </p>
  <p
    class="text-center"
  >
    Want to try it out? 
    <a
      href="/sign-in"
    >
      Sign in
    </a>
    .
  </p>
</div>
`;

exports[`page component > render as a new user 1`] = `
<div>
  <p
    class="text-center"
  >
    Simple application in which you can organize your recipes.
  </p>
  <p
    class="text-center"
  >
    Want to try it out? 
    <a
      href="/sign-in"
    >
      Sign in
    </a>
    .
  </p>
</div>
`;
